<?xml version="1.0" encoding="UTF-8"?>
<testsuites name="jest tests" tests="1" failures="0" errors="0" time="0.88">
  <testsuite name="jupyterlab-jhub-apps" errors="0" failures="0" skipped="0" timestamp="2024-09-24T21:32:48" time="0.618" tests="1">
    <testcase classname="jupyterlab-jhub-apps should be tested" name="jupyterlab-jhub-apps should be tested" time="0.001">
    </testcase>
  </testsuite>
</testsuites>